../Core/Src/esp.c:27:12:esp_at_command	24	static
../Core/Src/esp.c:56:12:esp_reset	16	static
../Core/Src/esp.c:66:12:esp_get_ip_addr	32	static
../Core/Src/esp.c:113:5:esp_get_status	16	static
../Core/Src/esp.c:125:12:request_ip_addr	32	static
../Core/Src/esp.c:162:5:esp_client_conn	80	static
../Core/Src/esp.c:173:5:drv_esp_init	8	static
../Core/Src/esp.c:191:6:reset_func	8	static
../Core/Src/esp.c:200:6:version_func	16	static
../Core/Src/esp.c:213:6:ap_conn_func	96	static
../Core/Src/esp.c:241:6:ip_state_func	16	static
../Core/Src/esp.c:256:5:drv_esp_test_command	160	static
../Core/Src/esp.c:358:6:HAL_UART_RxCpltCallback	16	static
../Core/Src/esp.c:394:6:AiotClient_Init	8	static
../Core/Src/esp.c:406:6:esp_send_data	88	static
../Core/Src/esp.c:418:5:drv_uart_init	8	static
../Core/Src/esp.c:435:5:drv_uart_tx_buffer	16	static
../Core/Src/esp.c:442:5:__io_putchar	16	static
