../Core/Src/esp.c:38:6:register_server_command_callback	16	static
../Core/Src/esp.c:44:5:esp_at_command	40	static
../Core/Src/esp.c:105:5:esp_reset	16	static
../Core/Src/esp.c:123:12:esp_get_ip_addr	32	static
../Core/Src/esp.c:173:6:ip_state_func	8	static
../Core/Src/esp.c:182:5:esp_send_data	160	static
../Core/Src/esp.c:233:6:esp_event	136	static
../Core/Src/esp.c:270:6:drv_uart_init	8	static
../Core/Src/esp.c:277:5:drv_uart_rx_buffer	24	static
../Core/Src/esp.c:300:5:drv_uart_tx_buffer	16	static
../Core/Src/esp.c:308:6:HAL_UART_RxCpltCallback	1048	static
../Core/Src/esp.c:344:5:request_ip_addr	32	static
../Core/Src/esp.c:383:6:check_server_connection	16	static
../Core/Src/esp.c:462:6:ap_conn_func	152	static
../Core/Src/esp.c:504:5:esp_client_conn	184	static
../Core/Src/esp.c:594:5:drv_esp_init	16	static
../Core/Src/esp.c:645:18:reset_func	8	static
../Core/Src/esp.c:655:18:version_func	16	static
../Core/Src/esp.c:669:17:drv_esp_test_command	288	static
../Core/Src/esp.c:771:17:_write	24	static
